Attach  debugger and press a key
Search parameters: #threads: 2, beamwidth to be optimized for each L value
Reading bin file /home/nams/research/data/sift1m/sift_query.bin at offset 0...Metadata: #pts = 10000, #dims = 128, aligned_dim = 128... Allocated 5120000bytes and copied data 
 Stat(/home/nams/research/data/sift100k/sift100k_groundtruth.bin) returned: 0
Reading truthset file /home/nams/research/data/sift100k/sift100k_groundtruth.bin...
Metadata: #pts = 10000, #dims = 100...
L2: Using AVX2 distance computation
L2: Using AVX2 distance computation
Disk-Index File Meta-data: # nodes per sector: 6, max node len (bytes): 644, max node degree: 32, npts: 9, dim: 1 disk_nnodes: 100000 disk_ndims: 128
Tags offset: 68272128 PQ Pivots offset: 68272128 PQ Vectors offset: 0
After single file index check, Tags offset: 68272128 PQ Pivots offset: 0 PQ Vectors offset: 0
Reading bin file /home/nams/research/work/sift100k_idx/sift100k_pq_compressed.bin ...
Metadata: #pts = 100000, #dims = 100...
Load compressed vectors from file: /home/nams/research/work/sift100k_idx/sift100k_pq_compressed.bin offset: 0 num points: 100000 n_chunks: 100
Reading bin file /home/nams/research/work/sift100k_idx/sift100k_pq_pivots.bin ...
Metadata: #pts = 5, #dims = 1...
Offsets: 4096 135176 135696 136216 136628
Reading bin file /home/nams/research/work/sift100k_idx/sift100k_pq_pivots.bin ...
Metadata: #pts = 256, #dims = 128...
Reading bin file /home/nams/research/work/sift100k_idx/sift100k_pq_pivots.bin ...
Metadata: #pts = 128, #dims = 1...
Reading bin file /home/nams/research/work/sift100k_idx/sift100k_pq_pivots.bin ...
Metadata: #pts = 128, #dims = 1...
Reading bin file /home/nams/research/work/sift100k_idx/sift100k_pq_pivots.bin ...
Metadata: #pts = 101, #dims = 1...
Loaded PQ Pivots: #ctrs: 256, #dims: 128, #chunks: 100
Finished optimizing for PQ-PQ distance compuation 
Loaded PQ centroids and in-memory compressed vectors. #points: 100000 #dim: 128 #aligned_dim: 128 #chunks: 100
Setting up thread-specific contexts for nthreads: 2
 Stat(/home/nams/research/work/sift100k_idx/sift100k_disk.index_medoids.bin) returned: -1
File /home/nams/research/work/sift100k_idx/sift100k_disk.index_medoids.bin does not exist
Loading centroid data from medoids vector data of 1 medoid(s)
PQFlashIndex loaded successfully.
Not loading tags since they are disabled.
Caching 10000 BFS nodes around medoid(s)
Caching 10000...
Level: 1.. #nodes: 1, #nodes thus far: 1
Level: 2.. #nodes: 32, #nodes thus far: 33
Level: 3.. #nodes: 942, #nodes thus far: 975
Level: 4. #nodes: 9025, #nodes thus far: 10000
..done.
     L   Beamwidth             QPS    Mean Latency    99.9 Latency        Mean IOs         CPU (s)       Recall@10
==========================================================================================================
